epoch,acc,loss,val_acc,val_loss
0,0.324216666651,2.23185570151,0.6962,0.980966785049
1,0.523666666635,1.4570505998,0.7468,1.05981933727
2,0.598049999968,1.31670457948,0.8303,0.88716698761
3,0.621266666667,1.28091920389,0.8029,0.8222631464
4,0.633033333302,1.25605236524,0.8164,0.956662384796
5,0.639016666698,1.25280549399,0.8333,0.880396054077
6,0.643166666667,1.23788550129,0.8462,0.828938193417
7,0.648849999968,1.27895313676,0.8094,0.800878892136
