epoch,acc,loss,val_acc,val_loss
0,0.80308,0.409994063683,0.87648,0.290436636944
1,0.90076,0.244766868863,0.8914,0.263541920109
2,0.9336,0.172904246736,0.8816,0.29534114718
3,0.95552,0.12027834594,0.88864,0.303420584528
4,0.9724,0.0774626143679,0.88264,0.358920169699
5,0.97844,0.0578569658023,0.87896,0.43906483367
6,0.98332,0.0456925315736,0.88136,0.426455200374
