epoch,acc,loss,val_acc,val_loss
0,0.406566835646,1.69210000284,0.8825,0.539928189707
